// Jest Snapshot v1, https://goo.gl/fbAQLP

exports[`Card renders correctly 1`] = `
initialize {
  "0": Object {
    "attribs": Object {
      "aria-label": "main navigation",
      "class": "navbar is-fixed-top",
      "role": "navigation",
    },
    "children": Array [
      Object {
        "attribs": Object {
          "class": "container",
        },
        "children": Array [
          Object {
            "attribs": Object {
              "class": "navbar-brand",
            },
            "children": Array [
              Object {
                "attribs": Object {
                  "class": "navbar-item logo-image-holder",
                  "href": "/",
                },
                "children": Array [
                  Object {
                    "attribs": Object {
                      "alt": "",
                      "aria-hidden": "true",
                      "src": "test-file-stub",
                    },
                    "children": Array [],
                    "name": "img",
                    "namespace": "http://www.w3.org/1999/xhtml",
                    "next": Object {
                      "attribs": Object {
                        "class": "is-sr-only",
                      },
                      "children": Array [
                        Object {
                          "data": "Home",
                          "next": null,
                          "parent": [Circular],
                          "prev": null,
                          "type": "text",
                        },
                      ],
                      "name": "span",
                      "namespace": "http://www.w3.org/1999/xhtml",
                      "next": null,
                      "parent": [Circular],
                      "prev": [Circular],
                      "type": "tag",
                      "x-attribsNamespace": Object {
                        "class": undefined,
                      },
                      "x-attribsPrefix": Object {
                        "class": undefined,
                      },
                    },
                    "parent": [Circular],
                    "prev": null,
                    "type": "tag",
                    "x-attribsNamespace": Object {
                      "alt": undefined,
                      "aria-hidden": undefined,
                      "src": undefined,
                    },
                    "x-attribsPrefix": Object {
                      "alt": undefined,
                      "aria-hidden": undefined,
                      "src": undefined,
                    },
                  },
                  Object {
                    "attribs": Object {
                      "class": "is-sr-only",
                    },
                    "children": Array [
                      Object {
                        "data": "Home",
                        "next": null,
                        "parent": [Circular],
                        "prev": null,
                        "type": "text",
                      },
                    ],
                    "name": "span",
                    "namespace": "http://www.w3.org/1999/xhtml",
                    "next": null,
                    "parent": [Circular],
                    "prev": Object {
                      "attribs": Object {
                        "alt": "",
                        "aria-hidden": "true",
                        "src": "test-file-stub",
                      },
                      "children": Array [],
                      "name": "img",
                      "namespace": "http://www.w3.org/1999/xhtml",
                      "next": [Circular],
                      "parent": [Circular],
                      "prev": null,
                      "type": "tag",
                      "x-attribsNamespace": Object {
                        "alt": undefined,
                        "aria-hidden": undefined,
                        "src": undefined,
                      },
                      "x-attribsPrefix": Object {
                        "alt": undefined,
                        "aria-hidden": undefined,
                        "src": undefined,
                      },
                    },
                    "type": "tag",
                    "x-attribsNamespace": Object {
                      "class": undefined,
                    },
                    "x-attribsPrefix": Object {
                      "class": undefined,
                    },
                  },
                ],
                "name": "a",
                "namespace": "http://www.w3.org/1999/xhtml",
                "next": Object {
                  "attribs": Object {
                    "aria-expanded": "false",
                    "aria-label": "menu",
                    "class": "navbar-burger burger is-not-active",
                    "role": "button",
                  },
                  "children": Array [
                    Object {
                      "attribs": Object {
                        "aria-hidden": "true",
                      },
                      "children": Array [],
                      "name": "span",
                      "namespace": "http://www.w3.org/1999/xhtml",
                      "next": Object {
                        "attribs": Object {
                          "aria-hidden": "true",
                        },
                        "children": Array [],
                        "name": "span",
                        "namespace": "http://www.w3.org/1999/xhtml",
                        "next": Object {
                          "attribs": Object {
                            "aria-hidden": "true",
                          },
                          "children": Array [],
                          "name": "span",
                          "namespace": "http://www.w3.org/1999/xhtml",
                          "next": null,
                          "parent": [Circular],
                          "prev": [Circular],
                          "type": "tag",
                          "x-attribsNamespace": Object {
                            "aria-hidden": undefined,
                          },
                          "x-attribsPrefix": Object {
                            "aria-hidden": undefined,
                          },
                        },
                        "parent": [Circular],
                        "prev": [Circular],
                        "type": "tag",
                        "x-attribsNamespace": Object {
                          "aria-hidden": undefined,
                        },
                        "x-attribsPrefix": Object {
                          "aria-hidden": undefined,
                        },
                      },
                      "parent": [Circular],
                      "prev": null,
                      "type": "tag",
                      "x-attribsNamespace": Object {
                        "aria-hidden": undefined,
                      },
                      "x-attribsPrefix": Object {
                        "aria-hidden": undefined,
                      },
                    },
                    Object {
                      "attribs": Object {
                        "aria-hidden": "true",
                      },
                      "children": Array [],
                      "name": "span",
                      "namespace": "http://www.w3.org/1999/xhtml",
                      "next": Object {
                        "attribs": Object {
                          "aria-hidden": "true",
                        },
                        "children": Array [],
                        "name": "span",
                        "namespace": "http://www.w3.org/1999/xhtml",
                        "next": null,
                        "parent": [Circular],
                        "prev": [Circular],
                        "type": "tag",
                        "x-attribsNamespace": Object {
                          "aria-hidden": undefined,
                        },
                        "x-attribsPrefix": Object {
                          "aria-hidden": undefined,
                        },
                      },
                      "parent": [Circular],
                      "prev": Object {
                        "attribs": Object {
                          "aria-hidden": "true",
                        },
                        "children": Array [],
                        "name": "span",
                        "namespace": "http://www.w3.org/1999/xhtml",
                        "next": [Circular],
                        "parent": [Circular],
                        "prev": null,
                        "type": "tag",
                        "x-attribsNamespace": Object {
                          "aria-hidden": undefined,
                        },
                        "x-attribsPrefix": Object {
                          "aria-hidden": undefined,
                        },
                      },
                      "type": "tag",
                      "x-attribsNamespace": Object {
                        "aria-hidden": undefined,
                      },
                      "x-attribsPrefix": Object {
                        "aria-hidden": undefined,
                      },
                    },
                    Object {
                      "attribs": Object {
                        "aria-hidden": "true",
                      },
                      "children": Array [],
                      "name": "span",
                      "namespace": "http://www.w3.org/1999/xhtml",
                      "next": null,
                      "parent": [Circular],
                      "prev": Object {
                        "attribs": Object {
                          "aria-hidden": "true",
                        },
                        "children": Array [],
                        "name": "span",
                        "namespace": "http://www.w3.org/1999/xhtml",
                        "next": [Circular],
                        "parent": [Circular],
                        "prev": Object {
                          "attribs": Object {
                            "aria-hidden": "true",
                          },
                          "children": Array [],
                          "name": "span",
                          "namespace": "http://www.w3.org/1999/xhtml",
                          "next": [Circular],
                          "parent": [Circular],
                          "prev": null,
                          "type": "tag",
                          "x-attribsNamespace": Object {
                            "aria-hidden": undefined,
                          },
                          "x-attribsPrefix": Object {
                            "aria-hidden": undefined,
                          },
                        },
                        "type": "tag",
                        "x-attribsNamespace": Object {
                          "aria-hidden": undefined,
                        },
                        "x-attribsPrefix": Object {
                          "aria-hidden": undefined,
                        },
                      },
                      "type": "tag",
                      "x-attribsNamespace": Object {
                        "aria-hidden": undefined,
                      },
                      "x-attribsPrefix": Object {
                        "aria-hidden": undefined,
                      },
                    },
                  ],
                  "name": "a",
                  "namespace": "http://www.w3.org/1999/xhtml",
                  "next": null,
                  "parent": [Circular],
                  "prev": [Circular],
                  "type": "tag",
                  "x-attribsNamespace": Object {
                    "aria-expanded": undefined,
                    "aria-label": undefined,
                    "class": undefined,
                    "role": undefined,
                  },
                  "x-attribsPrefix": Object {
                    "aria-expanded": undefined,
                    "aria-label": undefined,
                    "class": undefined,
                    "role": undefined,
                  },
                },
                "parent": [Circular],
                "prev": null,
                "type": "tag",
                "x-attribsNamespace": Object {
                  "class": undefined,
                  "href": undefined,
                },
                "x-attribsPrefix": Object {
                  "class": undefined,
                  "href": undefined,
                },
              },
              Object {
                "attribs": Object {
                  "aria-expanded": "false",
                  "aria-label": "menu",
                  "class": "navbar-burger burger is-not-active",
                  "role": "button",
                },
                "children": Array [
                  Object {
                    "attribs": Object {
                      "aria-hidden": "true",
                    },
                    "children": Array [],
                    "name": "span",
                    "namespace": "http://www.w3.org/1999/xhtml",
                    "next": Object {
                      "attribs": Object {
                        "aria-hidden": "true",
                      },
                      "children": Array [],
                      "name": "span",
                      "namespace": "http://www.w3.org/1999/xhtml",
                      "next": Object {
                        "attribs": Object {
                          "aria-hidden": "true",
                        },
                        "children": Array [],
                        "name": "span",
                        "namespace": "http://www.w3.org/1999/xhtml",
                        "next": null,
                        "parent": [Circular],
                        "prev": [Circular],
                        "type": "tag",
                        "x-attribsNamespace": Object {
                          "aria-hidden": undefined,
                        },
                        "x-attribsPrefix": Object {
                          "aria-hidden": undefined,
                        },
                      },
                      "parent": [Circular],
                      "prev": [Circular],
                      "type": "tag",
                      "x-attribsNamespace": Object {
                        "aria-hidden": undefined,
                      },
                      "x-attribsPrefix": Object {
                        "aria-hidden": undefined,
                      },
                    },
                    "parent": [Circular],
                    "prev": null,
                    "type": "tag",
                    "x-attribsNamespace": Object {
                      "aria-hidden": undefined,
                    },
                    "x-attribsPrefix": Object {
                      "aria-hidden": undefined,
                    },
                  },
                  Object {
                    "attribs": Object {
                      "aria-hidden": "true",
                    },
                    "children": Array [],
                    "name": "span",
                    "namespace": "http://www.w3.org/1999/xhtml",
                    "next": Object {
                      "attribs": Object {
                        "aria-hidden": "true",
                      },
                      "children": Array [],
                      "name": "span",
                      "namespace": "http://www.w3.org/1999/xhtml",
                      "next": null,
                      "parent": [Circular],
                      "prev": [Circular],
                      "type": "tag",
                      "x-attribsNamespace": Object {
                        "aria-hidden": undefined,
                      },
                      "x-attribsPrefix": Object {
                        "aria-hidden": undefined,
                      },
                    },
                    "parent": [Circular],
                    "prev": Object {
                      "attribs": Object {
                        "aria-hidden": "true",
                      },
                      "children": Array [],
                      "name": "span",
                      "namespace": "http://www.w3.org/1999/xhtml",
                      "next": [Circular],
                      "parent": [Circular],
                      "prev": null,
                      "type": "tag",
                      "x-attribsNamespace": Object {
                        "aria-hidden": undefined,
                      },
                      "x-attribsPrefix": Object {
                        "aria-hidden": undefined,
                      },
                    },
                    "type": "tag",
                    "x-attribsNamespace": Object {
                      "aria-hidden": undefined,
                    },
                    "x-attribsPrefix": Object {
                      "aria-hidden": undefined,
                    },
                  },
                  Object {
                    "attribs": Object {
                      "aria-hidden": "true",
                    },
                    "children": Array [],
                    "name": "span",
                    "namespace": "http://www.w3.org/1999/xhtml",
                    "next": null,
                    "parent": [Circular],
                    "prev": Object {
                      "attribs": Object {
                        "aria-hidden": "true",
                      },
                      "children": Array [],
                      "name": "span",
                      "namespace": "http://www.w3.org/1999/xhtml",
                      "next": [Circular],
                      "parent": [Circular],
                      "prev": Object {
                        "attribs": Object {
                          "aria-hidden": "true",
                        },
                        "children": Array [],
                        "name": "span",
                        "namespace": "http://www.w3.org/1999/xhtml",
                        "next": [Circular],
                        "parent": [Circular],
                        "prev": null,
                        "type": "tag",
                        "x-attribsNamespace": Object {
                          "aria-hidden": undefined,
                        },
                        "x-attribsPrefix": Object {
                          "aria-hidden": undefined,
                        },
                      },
                      "type": "tag",
                      "x-attribsNamespace": Object {
                        "aria-hidden": undefined,
                      },
                      "x-attribsPrefix": Object {
                        "aria-hidden": undefined,
                      },
                    },
                    "type": "tag",
                    "x-attribsNamespace": Object {
                      "aria-hidden": undefined,
                    },
                    "x-attribsPrefix": Object {
                      "aria-hidden": undefined,
                    },
                  },
                ],
                "name": "a",
                "namespace": "http://www.w3.org/1999/xhtml",
                "next": null,
                "parent": [Circular],
                "prev": Object {
                  "attribs": Object {
                    "class": "navbar-item logo-image-holder",
                    "href": "/",
                  },
                  "children": Array [
                    Object {
                      "attribs": Object {
                        "alt": "",
                        "aria-hidden": "true",
                        "src": "test-file-stub",
                      },
                      "children": Array [],
                      "name": "img",
                      "namespace": "http://www.w3.org/1999/xhtml",
                      "next": Object {
                        "attribs": Object {
                          "class": "is-sr-only",
                        },
                        "children": Array [
                          Object {
                            "data": "Home",
                            "next": null,
                            "parent": [Circular],
                            "prev": null,
                            "type": "text",
                          },
                        ],
                        "name": "span",
                        "namespace": "http://www.w3.org/1999/xhtml",
                        "next": null,
                        "parent": [Circular],
                        "prev": [Circular],
                        "type": "tag",
                        "x-attribsNamespace": Object {
                          "class": undefined,
                        },
                        "x-attribsPrefix": Object {
                          "class": undefined,
                        },
                      },
                      "parent": [Circular],
                      "prev": null,
                      "type": "tag",
                      "x-attribsNamespace": Object {
                        "alt": undefined,
                        "aria-hidden": undefined,
                        "src": undefined,
                      },
                      "x-attribsPrefix": Object {
                        "alt": undefined,
                        "aria-hidden": undefined,
                        "src": undefined,
                      },
                    },
                    Object {
                      "attribs": Object {
                        "class": "is-sr-only",
                      },
                      "children": Array [
                        Object {
                          "data": "Home",
                          "next": null,
                          "parent": [Circular],
                          "prev": null,
                          "type": "text",
                        },
                      ],
                      "name": "span",
                      "namespace": "http://www.w3.org/1999/xhtml",
                      "next": null,
                      "parent": [Circular],
                      "prev": Object {
                        "attribs": Object {
                          "alt": "",
                          "aria-hidden": "true",
                          "src": "test-file-stub",
                        },
                        "children": Array [],
                        "name": "img",
                        "namespace": "http://www.w3.org/1999/xhtml",
                        "next": [Circular],
                        "parent": [Circular],
                        "prev": null,
                        "type": "tag",
                        "x-attribsNamespace": Object {
                          "alt": undefined,
                          "aria-hidden": undefined,
                          "src": undefined,
                        },
                        "x-attribsPrefix": Object {
                          "alt": undefined,
                          "aria-hidden": undefined,
                          "src": undefined,
                        },
                      },
                      "type": "tag",
                      "x-attribsNamespace": Object {
                        "class": undefined,
                      },
                      "x-attribsPrefix": Object {
                        "class": undefined,
                      },
                    },
                  ],
                  "name": "a",
                  "namespace": "http://www.w3.org/1999/xhtml",
                  "next": [Circular],
                  "parent": [Circular],
                  "prev": null,
                  "type": "tag",
                  "x-attribsNamespace": Object {
                    "class": undefined,
                    "href": undefined,
                  },
                  "x-attribsPrefix": Object {
                    "class": undefined,
                    "href": undefined,
                  },
                },
                "type": "tag",
                "x-attribsNamespace": Object {
                  "aria-expanded": undefined,
                  "aria-label": undefined,
                  "class": undefined,
                  "role": undefined,
                },
                "x-attribsPrefix": Object {
                  "aria-expanded": undefined,
                  "aria-label": undefined,
                  "class": undefined,
                  "role": undefined,
                },
              },
            ],
            "name": "div",
            "namespace": "http://www.w3.org/1999/xhtml",
            "next": Object {
              "attribs": Object {
                "class": "navbar-menu is-not-active",
              },
              "children": Array [
                Object {
                  "attribs": Object {
                    "class": "navbar-start",
                  },
                  "children": Array [
                    Object {
                      "attribs": Object {
                        "class": "navbar-item",
                        "href": "/",
                      },
                      "children": Array [
                        Object {
                          "data": "Home",
                          "next": null,
                          "parent": [Circular],
                          "prev": null,
                          "type": "text",
                        },
                      ],
                      "name": "a",
                      "namespace": "http://www.w3.org/1999/xhtml",
                      "next": Object {
                        "attribs": Object {
                          "class": "navbar-item",
                          "href": "/about",
                        },
                        "children": Array [
                          Object {
                            "data": "About",
                            "next": null,
                            "parent": [Circular],
                            "prev": null,
                            "type": "text",
                          },
                        ],
                        "name": "a",
                        "namespace": "http://www.w3.org/1999/xhtml",
                        "next": Object {
                          "attribs": Object {
                            "class": "navbar-item",
                            "href": "contact",
                          },
                          "children": Array [
                            Object {
                              "data": "Contact",
                              "next": null,
                              "parent": [Circular],
                              "prev": null,
                              "type": "text",
                            },
                          ],
                          "name": "a",
                          "namespace": "http://www.w3.org/1999/xhtml",
                          "next": null,
                          "parent": [Circular],
                          "prev": [Circular],
                          "type": "tag",
                          "x-attribsNamespace": Object {
                            "class": undefined,
                            "href": undefined,
                          },
                          "x-attribsPrefix": Object {
                            "class": undefined,
                            "href": undefined,
                          },
                        },
                        "parent": [Circular],
                        "prev": [Circular],
                        "type": "tag",
                        "x-attribsNamespace": Object {
                          "class": undefined,
                          "href": undefined,
                        },
                        "x-attribsPrefix": Object {
                          "class": undefined,
                          "href": undefined,
                        },
                      },
                      "parent": [Circular],
                      "prev": null,
                      "type": "tag",
                      "x-attribsNamespace": Object {
                        "class": undefined,
                        "href": undefined,
                      },
                      "x-attribsPrefix": Object {
                        "class": undefined,
                        "href": undefined,
                      },
                    },
                    Object {
                      "attribs": Object {
                        "class": "navbar-item",
                        "href": "/about",
                      },
                      "children": Array [
                        Object {
                          "data": "About",
                          "next": null,
                          "parent": [Circular],
                          "prev": null,
                          "type": "text",
                        },
                      ],
                      "name": "a",
                      "namespace": "http://www.w3.org/1999/xhtml",
                      "next": Object {
                        "attribs": Object {
                          "class": "navbar-item",
                          "href": "contact",
                        },
                        "children": Array [
                          Object {
                            "data": "Contact",
                            "next": null,
                            "parent": [Circular],
                            "prev": null,
                            "type": "text",
                          },
                        ],
                        "name": "a",
                        "namespace": "http://www.w3.org/1999/xhtml",
                        "next": null,
                        "parent": [Circular],
                        "prev": [Circular],
                        "type": "tag",
                        "x-attribsNamespace": Object {
                          "class": undefined,
                          "href": undefined,
                        },
                        "x-attribsPrefix": Object {
                          "class": undefined,
                          "href": undefined,
                        },
                      },
                      "parent": [Circular],
                      "prev": Object {
                        "attribs": Object {
                          "class": "navbar-item",
                          "href": "/",
                        },
                        "children": Array [
                          Object {
                            "data": "Home",
                            "next": null,
                            "parent": [Circular],
                            "prev": null,
                            "type": "text",
                          },
                        ],
                        "name": "a",
                        "namespace": "http://www.w3.org/1999/xhtml",
                        "next": [Circular],
                        "parent": [Circular],
                        "prev": null,
                        "type": "tag",
                        "x-attribsNamespace": Object {
                          "class": undefined,
                          "href": undefined,
                        },
                        "x-attribsPrefix": Object {
                          "class": undefined,
                          "href": undefined,
                        },
                      },
                      "type": "tag",
                      "x-attribsNamespace": Object {
                        "class": undefined,
                        "href": undefined,
                      },
                      "x-attribsPrefix": Object {
                        "class": undefined,
                        "href": undefined,
                      },
                    },
                    Object {
                      "attribs": Object {
                        "class": "navbar-item",
                        "href": "contact",
                      },
                      "children": Array [
                        Object {
                          "data": "Contact",
                          "next": null,
                          "parent": [Circular],
                          "prev": null,
                          "type": "text",
                        },
                      ],
                      "name": "a",
                      "namespace": "http://www.w3.org/1999/xhtml",
                      "next": null,
                      "parent": [Circular],
                      "prev": Object {
                        "attribs": Object {
                          "class": "navbar-item",
                          "href": "/about",
                        },
                        "children": Array [
                          Object {
                            "data": "About",
                            "next": null,
                            "parent": [Circular],
                            "prev": null,
                            "type": "text",
                          },
                        ],
                        "name": "a",
                        "namespace": "http://www.w3.org/1999/xhtml",
                        "next": [Circular],
                        "parent": [Circular],
                        "prev": Object {
                          "attribs": Object {
                            "class": "navbar-item",
                            "href": "/",
                          },
                          "children": Array [
                            Object {
                              "data": "Home",
                              "next": null,
                              "parent": [Circular],
                              "prev": null,
                              "type": "text",
                            },
                          ],
                          "name": "a",
                          "namespace": "http://www.w3.org/1999/xhtml",
                          "next": [Circular],
                          "parent": [Circular],
                          "prev": null,
                          "type": "tag",
                          "x-attribsNamespace": Object {
                            "class": undefined,
                            "href": undefined,
                          },
                          "x-attribsPrefix": Object {
                            "class": undefined,
                            "href": undefined,
                          },
                        },
                        "type": "tag",
                        "x-attribsNamespace": Object {
                          "class": undefined,
                          "href": undefined,
                        },
                        "x-attribsPrefix": Object {
                          "class": undefined,
                          "href": undefined,
                        },
                      },
                      "type": "tag",
                      "x-attribsNamespace": Object {
                        "class": undefined,
                        "href": undefined,
                      },
                      "x-attribsPrefix": Object {
                        "class": undefined,
                        "href": undefined,
                      },
                    },
                  ],
                  "name": "div",
                  "namespace": "http://www.w3.org/1999/xhtml",
                  "next": null,
                  "parent": [Circular],
                  "prev": null,
                  "type": "tag",
                  "x-attribsNamespace": Object {
                    "class": undefined,
                  },
                  "x-attribsPrefix": Object {
                    "class": undefined,
                  },
                },
              ],
              "name": "div",
              "namespace": "http://www.w3.org/1999/xhtml",
              "next": null,
              "parent": [Circular],
              "prev": [Circular],
              "type": "tag",
              "x-attribsNamespace": Object {
                "class": undefined,
              },
              "x-attribsPrefix": Object {
                "class": undefined,
              },
            },
            "parent": [Circular],
            "prev": null,
            "type": "tag",
            "x-attribsNamespace": Object {
              "class": undefined,
            },
            "x-attribsPrefix": Object {
              "class": undefined,
            },
          },
          Object {
            "attribs": Object {
              "class": "navbar-menu is-not-active",
            },
            "children": Array [
              Object {
                "attribs": Object {
                  "class": "navbar-start",
                },
                "children": Array [
                  Object {
                    "attribs": Object {
                      "class": "navbar-item",
                      "href": "/",
                    },
                    "children": Array [
                      Object {
                        "data": "Home",
                        "next": null,
                        "parent": [Circular],
                        "prev": null,
                        "type": "text",
                      },
                    ],
                    "name": "a",
                    "namespace": "http://www.w3.org/1999/xhtml",
                    "next": Object {
                      "attribs": Object {
                        "class": "navbar-item",
                        "href": "/about",
                      },
                      "children": Array [
                        Object {
                          "data": "About",
                          "next": null,
                          "parent": [Circular],
                          "prev": null,
                          "type": "text",
                        },
                      ],
                      "name": "a",
                      "namespace": "http://www.w3.org/1999/xhtml",
                      "next": Object {
                        "attribs": Object {
                          "class": "navbar-item",
                          "href": "contact",
                        },
                        "children": Array [
                          Object {
                            "data": "Contact",
                            "next": null,
                            "parent": [Circular],
                            "prev": null,
                            "type": "text",
                          },
                        ],
                        "name": "a",
                        "namespace": "http://www.w3.org/1999/xhtml",
                        "next": null,
                        "parent": [Circular],
                        "prev": [Circular],
                        "type": "tag",
                        "x-attribsNamespace": Object {
                          "class": undefined,
                          "href": undefined,
                        },
                        "x-attribsPrefix": Object {
                          "class": undefined,
                          "href": undefined,
                        },
                      },
                      "parent": [Circular],
                      "prev": [Circular],
                      "type": "tag",
                      "x-attribsNamespace": Object {
                        "class": undefined,
                        "href": undefined,
                      },
                      "x-attribsPrefix": Object {
                        "class": undefined,
                        "href": undefined,
                      },
                    },
                    "parent": [Circular],
                    "prev": null,
                    "type": "tag",
                    "x-attribsNamespace": Object {
                      "class": undefined,
                      "href": undefined,
                    },
                    "x-attribsPrefix": Object {
                      "class": undefined,
                      "href": undefined,
                    },
                  },
                  Object {
                    "attribs": Object {
                      "class": "navbar-item",
                      "href": "/about",
                    },
                    "children": Array [
                      Object {
                        "data": "About",
                        "next": null,
                        "parent": [Circular],
                        "prev": null,
                        "type": "text",
                      },
                    ],
                    "name": "a",
                    "namespace": "http://www.w3.org/1999/xhtml",
                    "next": Object {
                      "attribs": Object {
                        "class": "navbar-item",
                        "href": "contact",
                      },
                      "children": Array [
                        Object {
                          "data": "Contact",
                          "next": null,
                          "parent": [Circular],
                          "prev": null,
                          "type": "text",
                        },
                      ],
                      "name": "a",
                      "namespace": "http://www.w3.org/1999/xhtml",
                      "next": null,
                      "parent": [Circular],
                      "prev": [Circular],
                      "type": "tag",
                      "x-attribsNamespace": Object {
                        "class": undefined,
                        "href": undefined,
                      },
                      "x-attribsPrefix": Object {
                        "class": undefined,
                        "href": undefined,
                      },
                    },
                    "parent": [Circular],
                    "prev": Object {
                      "attribs": Object {
                        "class": "navbar-item",
                        "href": "/",
                      },
                      "children": Array [
                        Object {
                          "data": "Home",
                          "next": null,
                          "parent": [Circular],
                          "prev": null,
                          "type": "text",
                        },
                      ],
                      "name": "a",
                      "namespace": "http://www.w3.org/1999/xhtml",
                      "next": [Circular],
                      "parent": [Circular],
                      "prev": null,
                      "type": "tag",
                      "x-attribsNamespace": Object {
                        "class": undefined,
                        "href": undefined,
                      },
                      "x-attribsPrefix": Object {
                        "class": undefined,
                        "href": undefined,
                      },
                    },
                    "type": "tag",
                    "x-attribsNamespace": Object {
                      "class": undefined,
                      "href": undefined,
                    },
                    "x-attribsPrefix": Object {
                      "class": undefined,
                      "href": undefined,
                    },
                  },
                  Object {
                    "attribs": Object {
                      "class": "navbar-item",
                      "href": "contact",
                    },
                    "children": Array [
                      Object {
                        "data": "Contact",
                        "next": null,
                        "parent": [Circular],
                        "prev": null,
                        "type": "text",
                      },
                    ],
                    "name": "a",
                    "namespace": "http://www.w3.org/1999/xhtml",
                    "next": null,
                    "parent": [Circular],
                    "prev": Object {
                      "attribs": Object {
                        "class": "navbar-item",
                        "href": "/about",
                      },
                      "children": Array [
                        Object {
                          "data": "About",
                          "next": null,
                          "parent": [Circular],
                          "prev": null,
                          "type": "text",
                        },
                      ],
                      "name": "a",
                      "namespace": "http://www.w3.org/1999/xhtml",
                      "next": [Circular],
                      "parent": [Circular],
                      "prev": Object {
                        "attribs": Object {
                          "class": "navbar-item",
                          "href": "/",
                        },
                        "children": Array [
                          Object {
                            "data": "Home",
                            "next": null,
                            "parent": [Circular],
                            "prev": null,
                            "type": "text",
                          },
                        ],
                        "name": "a",
                        "namespace": "http://www.w3.org/1999/xhtml",
                        "next": [Circular],
                        "parent": [Circular],
                        "prev": null,
                        "type": "tag",
                        "x-attribsNamespace": Object {
                          "class": undefined,
                          "href": undefined,
                        },
                        "x-attribsPrefix": Object {
                          "class": undefined,
                          "href": undefined,
                        },
                      },
                      "type": "tag",
                      "x-attribsNamespace": Object {
                        "class": undefined,
                        "href": undefined,
                      },
                      "x-attribsPrefix": Object {
                        "class": undefined,
                        "href": undefined,
                      },
                    },
                    "type": "tag",
                    "x-attribsNamespace": Object {
                      "class": undefined,
                      "href": undefined,
                    },
                    "x-attribsPrefix": Object {
                      "class": undefined,
                      "href": undefined,
                    },
                  },
                ],
                "name": "div",
                "namespace": "http://www.w3.org/1999/xhtml",
                "next": null,
                "parent": [Circular],
                "prev": null,
                "type": "tag",
                "x-attribsNamespace": Object {
                  "class": undefined,
                },
                "x-attribsPrefix": Object {
                  "class": undefined,
                },
              },
            ],
            "name": "div",
            "namespace": "http://www.w3.org/1999/xhtml",
            "next": null,
            "parent": [Circular],
            "prev": Object {
              "attribs": Object {
                "class": "navbar-brand",
              },
              "children": Array [
                Object {
                  "attribs": Object {
                    "class": "navbar-item logo-image-holder",
                    "href": "/",
                  },
                  "children": Array [
                    Object {
                      "attribs": Object {
                        "alt": "",
                        "aria-hidden": "true",
                        "src": "test-file-stub",
                      },
                      "children": Array [],
                      "name": "img",
                      "namespace": "http://www.w3.org/1999/xhtml",
                      "next": Object {
                        "attribs": Object {
                          "class": "is-sr-only",
                        },
                        "children": Array [
                          Object {
                            "data": "Home",
                            "next": null,
                            "parent": [Circular],
                            "prev": null,
                            "type": "text",
                          },
                        ],
                        "name": "span",
                        "namespace": "http://www.w3.org/1999/xhtml",
                        "next": null,
                        "parent": [Circular],
                        "prev": [Circular],
                        "type": "tag",
                        "x-attribsNamespace": Object {
                          "class": undefined,
                        },
                        "x-attribsPrefix": Object {
                          "class": undefined,
                        },
                      },
                      "parent": [Circular],
                      "prev": null,
                      "type": "tag",
                      "x-attribsNamespace": Object {
                        "alt": undefined,
                        "aria-hidden": undefined,
                        "src": undefined,
                      },
                      "x-attribsPrefix": Object {
                        "alt": undefined,
                        "aria-hidden": undefined,
                        "src": undefined,
                      },
                    },
                    Object {
                      "attribs": Object {
                        "class": "is-sr-only",
                      },
                      "children": Array [
                        Object {
                          "data": "Home",
                          "next": null,
                          "parent": [Circular],
                          "prev": null,
                          "type": "text",
                        },
                      ],
                      "name": "span",
                      "namespace": "http://www.w3.org/1999/xhtml",
                      "next": null,
                      "parent": [Circular],
                      "prev": Object {
                        "attribs": Object {
                          "alt": "",
                          "aria-hidden": "true",
                          "src": "test-file-stub",
                        },
                        "children": Array [],
                        "name": "img",
                        "namespace": "http://www.w3.org/1999/xhtml",
                        "next": [Circular],
                        "parent": [Circular],
                        "prev": null,
                        "type": "tag",
                        "x-attribsNamespace": Object {
                          "alt": undefined,
                          "aria-hidden": undefined,
                          "src": undefined,
                        },
                        "x-attribsPrefix": Object {
                          "alt": undefined,
                          "aria-hidden": undefined,
                          "src": undefined,
                        },
                      },
                      "type": "tag",
                      "x-attribsNamespace": Object {
                        "class": undefined,
                      },
                      "x-attribsPrefix": Object {
                        "class": undefined,
                      },
                    },
                  ],
                  "name": "a",
                  "namespace": "http://www.w3.org/1999/xhtml",
                  "next": Object {
                    "attribs": Object {
                      "aria-expanded": "false",
                      "aria-label": "menu",
                      "class": "navbar-burger burger is-not-active",
                      "role": "button",
                    },
                    "children": Array [
                      Object {
                        "attribs": Object {
                          "aria-hidden": "true",
                        },
                        "children": Array [],
                        "name": "span",
                        "namespace": "http://www.w3.org/1999/xhtml",
                        "next": Object {
                          "attribs": Object {
                            "aria-hidden": "true",
                          },
                          "children": Array [],
                          "name": "span",
                          "namespace": "http://www.w3.org/1999/xhtml",
                          "next": Object {
                            "attribs": Object {
                              "aria-hidden": "true",
                            },
                            "children": Array [],
                            "name": "span",
                            "namespace": "http://www.w3.org/1999/xhtml",
                            "next": null,
                            "parent": [Circular],
                            "prev": [Circular],
                            "type": "tag",
                            "x-attribsNamespace": Object {
                              "aria-hidden": undefined,
                            },
                            "x-attribsPrefix": Object {
                              "aria-hidden": undefined,
                            },
                          },
                          "parent": [Circular],
                          "prev": [Circular],
                          "type": "tag",
                          "x-attribsNamespace": Object {
                            "aria-hidden": undefined,
                          },
                          "x-attribsPrefix": Object {
                            "aria-hidden": undefined,
                          },
                        },
                        "parent": [Circular],
                        "prev": null,
                        "type": "tag",
                        "x-attribsNamespace": Object {
                          "aria-hidden": undefined,
                        },
                        "x-attribsPrefix": Object {
                          "aria-hidden": undefined,
                        },
                      },
                      Object {
                        "attribs": Object {
                          "aria-hidden": "true",
                        },
                        "children": Array [],
                        "name": "span",
                        "namespace": "http://www.w3.org/1999/xhtml",
                        "next": Object {
                          "attribs": Object {
                            "aria-hidden": "true",
                          },
                          "children": Array [],
                          "name": "span",
                          "namespace": "http://www.w3.org/1999/xhtml",
                          "next": null,
                          "parent": [Circular],
                          "prev": [Circular],
                          "type": "tag",
                          "x-attribsNamespace": Object {
                            "aria-hidden": undefined,
                          },
                          "x-attribsPrefix": Object {
                            "aria-hidden": undefined,
                          },
                        },
                        "parent": [Circular],
                        "prev": Object {
                          "attribs": Object {
                            "aria-hidden": "true",
                          },
                          "children": Array [],
                          "name": "span",
                          "namespace": "http://www.w3.org/1999/xhtml",
                          "next": [Circular],
                          "parent": [Circular],
                          "prev": null,
                          "type": "tag",
                          "x-attribsNamespace": Object {
                            "aria-hidden": undefined,
                          },
                          "x-attribsPrefix": Object {
                            "aria-hidden": undefined,
                          },
                        },
                        "type": "tag",
                        "x-attribsNamespace": Object {
                          "aria-hidden": undefined,
                        },
                        "x-attribsPrefix": Object {
                          "aria-hidden": undefined,
                        },
                      },
                      Object {
                        "attribs": Object {
                          "aria-hidden": "true",
                        },
                        "children": Array [],
                        "name": "span",
                        "namespace": "http://www.w3.org/1999/xhtml",
                        "next": null,
                        "parent": [Circular],
                        "prev": Object {
                          "attribs": Object {
                            "aria-hidden": "true",
                          },
                          "children": Array [],
                          "name": "span",
                          "namespace": "http://www.w3.org/1999/xhtml",
                          "next": [Circular],
                          "parent": [Circular],
                          "prev": Object {
                            "attribs": Object {
                              "aria-hidden": "true",
                            },
                            "children": Array [],
                            "name": "span",
                            "namespace": "http://www.w3.org/1999/xhtml",
                            "next": [Circular],
                            "parent": [Circular],
                            "prev": null,
                            "type": "tag",
                            "x-attribsNamespace": Object {
                              "aria-hidden": undefined,
                            },
                            "x-attribsPrefix": Object {
                              "aria-hidden": undefined,
                            },
                          },
                          "type": "tag",
                          "x-attribsNamespace": Object {
                            "aria-hidden": undefined,
                          },
                          "x-attribsPrefix": Object {
                            "aria-hidden": undefined,
                          },
                        },
                        "type": "tag",
                        "x-attribsNamespace": Object {
                          "aria-hidden": undefined,
                        },
                        "x-attribsPrefix": Object {
                          "aria-hidden": undefined,
                        },
                      },
                    ],
                    "name": "a",
                    "namespace": "http://www.w3.org/1999/xhtml",
                    "next": null,
                    "parent": [Circular],
                    "prev": [Circular],
                    "type": "tag",
                    "x-attribsNamespace": Object {
                      "aria-expanded": undefined,
                      "aria-label": undefined,
                      "class": undefined,
                      "role": undefined,
                    },
                    "x-attribsPrefix": Object {
                      "aria-expanded": undefined,
                      "aria-label": undefined,
                      "class": undefined,
                      "role": undefined,
                    },
                  },
                  "parent": [Circular],
                  "prev": null,
                  "type": "tag",
                  "x-attribsNamespace": Object {
                    "class": undefined,
                    "href": undefined,
                  },
                  "x-attribsPrefix": Object {
                    "class": undefined,
                    "href": undefined,
                  },
                },
                Object {
                  "attribs": Object {
                    "aria-expanded": "false",
                    "aria-label": "menu",
                    "class": "navbar-burger burger is-not-active",
                    "role": "button",
                  },
                  "children": Array [
                    Object {
                      "attribs": Object {
                        "aria-hidden": "true",
                      },
                      "children": Array [],
                      "name": "span",
                      "namespace": "http://www.w3.org/1999/xhtml",
                      "next": Object {
                        "attribs": Object {
                          "aria-hidden": "true",
                        },
                        "children": Array [],
                        "name": "span",
                        "namespace": "http://www.w3.org/1999/xhtml",
                        "next": Object {
                          "attribs": Object {
                            "aria-hidden": "true",
                          },
                          "children": Array [],
                          "name": "span",
                          "namespace": "http://www.w3.org/1999/xhtml",
                          "next": null,
                          "parent": [Circular],
                          "prev": [Circular],
                          "type": "tag",
                          "x-attribsNamespace": Object {
                            "aria-hidden": undefined,
                          },
                          "x-attribsPrefix": Object {
                            "aria-hidden": undefined,
                          },
                        },
                        "parent": [Circular],
                        "prev": [Circular],
                        "type": "tag",
                        "x-attribsNamespace": Object {
                          "aria-hidden": undefined,
                        },
                        "x-attribsPrefix": Object {
                          "aria-hidden": undefined,
                        },
                      },
                      "parent": [Circular],
                      "prev": null,
                      "type": "tag",
                      "x-attribsNamespace": Object {
                        "aria-hidden": undefined,
                      },
                      "x-attribsPrefix": Object {
                        "aria-hidden": undefined,
                      },
                    },
                    Object {
                      "attribs": Object {
                        "aria-hidden": "true",
                      },
                      "children": Array [],
                      "name": "span",
                      "namespace": "http://www.w3.org/1999/xhtml",
                      "next": Object {
                        "attribs": Object {
                          "aria-hidden": "true",
                        },
                        "children": Array [],
                        "name": "span",
                        "namespace": "http://www.w3.org/1999/xhtml",
                        "next": null,
                        "parent": [Circular],
                        "prev": [Circular],
                        "type": "tag",
                        "x-attribsNamespace": Object {
                          "aria-hidden": undefined,
                        },
                        "x-attribsPrefix": Object {
                          "aria-hidden": undefined,
                        },
                      },
                      "parent": [Circular],
                      "prev": Object {
                        "attribs": Object {
                          "aria-hidden": "true",
                        },
                        "children": Array [],
                        "name": "span",
                        "namespace": "http://www.w3.org/1999/xhtml",
                        "next": [Circular],
                        "parent": [Circular],
                        "prev": null,
                        "type": "tag",
                        "x-attribsNamespace": Object {
                          "aria-hidden": undefined,
                        },
                        "x-attribsPrefix": Object {
                          "aria-hidden": undefined,
                        },
                      },
                      "type": "tag",
                      "x-attribsNamespace": Object {
                        "aria-hidden": undefined,
                      },
                      "x-attribsPrefix": Object {
                        "aria-hidden": undefined,
                      },
                    },
                    Object {
                      "attribs": Object {
                        "aria-hidden": "true",
                      },
                      "children": Array [],
                      "name": "span",
                      "namespace": "http://www.w3.org/1999/xhtml",
                      "next": null,
                      "parent": [Circular],
                      "prev": Object {
                        "attribs": Object {
                          "aria-hidden": "true",
                        },
                        "children": Array [],
                        "name": "span",
                        "namespace": "http://www.w3.org/1999/xhtml",
                        "next": [Circular],
                        "parent": [Circular],
                        "prev": Object {
                          "attribs": Object {
                            "aria-hidden": "true",
                          },
                          "children": Array [],
                          "name": "span",
                          "namespace": "http://www.w3.org/1999/xhtml",
                          "next": [Circular],
                          "parent": [Circular],
                          "prev": null,
                          "type": "tag",
                          "x-attribsNamespace": Object {
                            "aria-hidden": undefined,
                          },
                          "x-attribsPrefix": Object {
                            "aria-hidden": undefined,
                          },
                        },
                        "type": "tag",
                        "x-attribsNamespace": Object {
                          "aria-hidden": undefined,
                        },
                        "x-attribsPrefix": Object {
                          "aria-hidden": undefined,
                        },
                      },
                      "type": "tag",
                      "x-attribsNamespace": Object {
                        "aria-hidden": undefined,
                      },
                      "x-attribsPrefix": Object {
                        "aria-hidden": undefined,
                      },
                    },
                  ],
                  "name": "a",
                  "namespace": "http://www.w3.org/1999/xhtml",
                  "next": null,
                  "parent": [Circular],
                  "prev": Object {
                    "attribs": Object {
                      "class": "navbar-item logo-image-holder",
                      "href": "/",
                    },
                    "children": Array [
                      Object {
                        "attribs": Object {
                          "alt": "",
                          "aria-hidden": "true",
                          "src": "test-file-stub",
                        },
                        "children": Array [],
                        "name": "img",
                        "namespace": "http://www.w3.org/1999/xhtml",
                        "next": Object {
                          "attribs": Object {
                            "class": "is-sr-only",
                          },
                          "children": Array [
                            Object {
                              "data": "Home",
                              "next": null,
                              "parent": [Circular],
                              "prev": null,
                              "type": "text",
                            },
                          ],
                          "name": "span",
                          "namespace": "http://www.w3.org/1999/xhtml",
                          "next": null,
                          "parent": [Circular],
                          "prev": [Circular],
                          "type": "tag",
                          "x-attribsNamespace": Object {
                            "class": undefined,
                          },
                          "x-attribsPrefix": Object {
                            "class": undefined,
                          },
                        },
                        "parent": [Circular],
                        "prev": null,
                        "type": "tag",
                        "x-attribsNamespace": Object {
                          "alt": undefined,
                          "aria-hidden": undefined,
                          "src": undefined,
                        },
                        "x-attribsPrefix": Object {
                          "alt": undefined,
                          "aria-hidden": undefined,
                          "src": undefined,
                        },
                      },
                      Object {
                        "attribs": Object {
                          "class": "is-sr-only",
                        },
                        "children": Array [
                          Object {
                            "data": "Home",
                            "next": null,
                            "parent": [Circular],
                            "prev": null,
                            "type": "text",
                          },
                        ],
                        "name": "span",
                        "namespace": "http://www.w3.org/1999/xhtml",
                        "next": null,
                        "parent": [Circular],
                        "prev": Object {
                          "attribs": Object {
                            "alt": "",
                            "aria-hidden": "true",
                            "src": "test-file-stub",
                          },
                          "children": Array [],
                          "name": "img",
                          "namespace": "http://www.w3.org/1999/xhtml",
                          "next": [Circular],
                          "parent": [Circular],
                          "prev": null,
                          "type": "tag",
                          "x-attribsNamespace": Object {
                            "alt": undefined,
                            "aria-hidden": undefined,
                            "src": undefined,
                          },
                          "x-attribsPrefix": Object {
                            "alt": undefined,
                            "aria-hidden": undefined,
                            "src": undefined,
                          },
                        },
                        "type": "tag",
                        "x-attribsNamespace": Object {
                          "class": undefined,
                        },
                        "x-attribsPrefix": Object {
                          "class": undefined,
                        },
                      },
                    ],
                    "name": "a",
                    "namespace": "http://www.w3.org/1999/xhtml",
                    "next": [Circular],
                    "parent": [Circular],
                    "prev": null,
                    "type": "tag",
                    "x-attribsNamespace": Object {
                      "class": undefined,
                      "href": undefined,
                    },
                    "x-attribsPrefix": Object {
                      "class": undefined,
                      "href": undefined,
                    },
                  },
                  "type": "tag",
                  "x-attribsNamespace": Object {
                    "aria-expanded": undefined,
                    "aria-label": undefined,
                    "class": undefined,
                    "role": undefined,
                  },
                  "x-attribsPrefix": Object {
                    "aria-expanded": undefined,
                    "aria-label": undefined,
                    "class": undefined,
                    "role": undefined,
                  },
                },
              ],
              "name": "div",
              "namespace": "http://www.w3.org/1999/xhtml",
              "next": [Circular],
              "parent": [Circular],
              "prev": null,
              "type": "tag",
              "x-attribsNamespace": Object {
                "class": undefined,
              },
              "x-attribsPrefix": Object {
                "class": undefined,
              },
            },
            "type": "tag",
            "x-attribsNamespace": Object {
              "class": undefined,
            },
            "x-attribsPrefix": Object {
              "class": undefined,
            },
          },
        ],
        "name": "div",
        "namespace": "http://www.w3.org/1999/xhtml",
        "next": null,
        "parent": [Circular],
        "prev": null,
        "type": "tag",
        "x-attribsNamespace": Object {
          "class": undefined,
        },
        "x-attribsPrefix": Object {
          "class": undefined,
        },
      },
    ],
    "name": "nav",
    "namespace": "http://www.w3.org/1999/xhtml",
    "next": null,
    "parent": null,
    "prev": null,
    "root": Object {
      "attribs": Object {},
      "children": Array [
        [Circular],
      ],
      "name": "root",
      "namespace": "http://www.w3.org/1999/xhtml",
      "next": null,
      "parent": null,
      "prev": null,
      "type": "root",
      "x-attribsNamespace": Object {},
      "x-attribsPrefix": Object {},
    },
    "type": "tag",
    "x-attribsNamespace": Object {
      "aria-label": undefined,
      "class": undefined,
      "role": undefined,
    },
    "x-attribsPrefix": Object {
      "aria-label": undefined,
      "class": undefined,
      "role": undefined,
    },
  },
  "_root": [Circular],
  "length": 1,
  "options": Object {
    "decodeEntities": true,
    "normalizeWhitespace": false,
    "withDomLvl1": true,
    "xml": false,
  },
}
`;
